// Vitest Snapshot v1, https://vitest.dev/guide/snapshot.html

exports[`codegen > element 1`] = `
"const {toDisplayString:_toDisplayString,createElementVNode:_createElementVNode} from Vue
return function render(_ctx,_cache) {return _createElementVNode('div','null','hi,'+_toDisplayString(_ctx.message))}"
`;

exports[`codegen > interpolation 1`] = `
"const {toDisplayString:_toDisplayString} from Vue
return function render(_ctx,_cache) {return _toDisplayString(_ctx.message)}"
`;

exports[`codegen > string 1`] = `
"
return function render(_ctx,_cache) {return 'abc'}"
`;
